%% Generated by https://github.com/upamune/jigsaw
sequenceDiagram
    app->>app-gql: GraphQL: GetMyItems Request
    app-gql->>app-mysql: SELECT COUNT id FROM D
    app-mysql->>app-gql: 
    app-gql->>app-mysql: SELECT * FROM E ORDER BY id
    app-mysql->>app-gql: 
    app-gql->>app-mysql: SELECT * FROM I
    app-mysql->>app-gql: 
    app-gql->>app-mysql: SELECT * FROM F
    app-mysql->>app-gql: 
    app-gql->>app-mysql: SELECT * FROM G
    app-mysql->>app-gql: 
    app-gql->>app-mysql: SELECT * FROM H
    app-mysql->>app-gql: 
    app-gql->>app-mysql: SELECT * FROM B
    app-mysql->>app-gql: 
    app-gql->>app-mysql: SELECT * FROM A
    app-mysql->>app-gql: 
    app-gql->>app-mysql: SELECT * FROM C
    app-mysql->>app-gql: 
    app-gql->>app-mysql: SELECT * FROM D
    app-mysql->>app-gql: 
    app-gql->>app: GraphQL: GetMyItems Response
