%% Generated by https://github.com/upamune/jigsaw
sequenceDiagram
    v1-service->>v2-service: Ping Request
    v2-service->>v3-service: Pong Request
