' Generated by https://github.com/upamune/jigsaw
@startuml
"app" -> "app": POST /api/v1/graphql Request
"app" -> "app-gql": GraphQL: GetMyItems Request
"app-gql" -> "app-gql": graphql.read
"app-gql" -> "app-gql": graphql.parse
"app-gql" -> "app-gql": graphql.validate
"app-gql" -> "app-gql": service.ListByUserID
"app-gql" -> "app-gql": service.ListAll
"app-gql" -> "app-gql": repository.List
"app-gql" -> "app-mysql": SELECT COUNT id FROM D
"app-gql" -> "app-mysql": SELECT * FROM E ORDER BY id
"app-gql" -> "app-gql": service.listIDs
"app-gql" -> "app-gql": repository.List
"app-gql" -> "app-mysql": SELECT * FROM I
"app-gql" -> "app-mysql": SELECT * FROM F
"app-gql" -> "app-gql": service.GetItemsByUserID
"app-gql" -> "app-mysql": SELECT * FROM G
"app-gql" -> "app-mysql": SELECT * FROM H
"app-gql" -> "app-mysql": SELECT * FROM B
"app-gql" -> "app-mysql": SELECT * FROM A
"app-gql" -> "app-mysql": SELECT * FROM C
"app-gql" -> "app-mysql": SELECT * FROM D
@enduml
