' Generated by https://github.com/upamune/jigsaw
@startuml
"v1-service" -> "v2-service": Ping Request
"v2-service" -> "v3-service": Pong Request
"v3-service" -> "v2-service": Pong Response
"v2-service" -> "v1-service": Ping Response
@enduml
